2026-09-06 22:01:45,733 | INFO    | hw02.routing           | motor de ruteo: graph
2026-09-06 22:01:45,814 | INFO    | hw02.routing           | alcance dev: 198 orígenes, 3 resolutivas, 31 candidatas I-3/I-4
2026-09-06 22:01:46,305 | INFO    | hw02.routing           | Overpass: 4 mosaicos de 1.0° sobre el alcance
2026-09-06 22:01:52,112 | INFO    | hw02.routing           |   mosaico 1/4 -> 0 vías acumuladas
2026-09-06 22:02:17,271 | INFO    | hw02.routing           |   mosaico 2/4 -> 0 vías acumuladas
2026-09-06 22:02:54,510 | INFO    | hw02.routing           |   mosaico 3/4 -> 0 vías acumuladas
2026-09-06 22:03:28,709 | INFO    | hw02.routing           |   mosaico 4/4 -> 0 vías acumuladas
2026-09-06 22:03:55,379 | INFO    | hw02.routing           | motor de ruteo: graph
2026-09-06 22:03:55,458 | INFO    | hw02.routing           | alcance dev: 198 orígenes, 3 resolutivas, 31 candidatas I-3/I-4
2026-09-06 22:03:55,781 | INFO    | hw02.routing           | Overpass: 4 mosaicos de 1.0° sobre el alcance
2026-09-06 22:04:01,578 | INFO    | hw02.routing           |   mosaico 1/4 -> 9355 vías acumuladas
2026-09-06 22:04:22,745 | INFO    | hw02.routing           |   mosaico 2/4 -> 11640 vías acumuladas
2026-09-06 22:05:15,564 | INFO    | hw02.routing           |   mosaico 3/4 -> 11640 vías acumuladas
2026-09-06 22:06:16,351 | INFO    | hw02.routing           |   mosaico 4/4 -> 11640 vías acumuladas
2026-09-06 22:06:16,520 | INFO    | hw02.routing           | vías guardadas en caché: roads_overpass_dev.parquet (11640 vías)
2026-09-06 22:06:16,860 | INFO    | hw02.routing           | vías utilizables para 'car': 11185
2026-09-06 22:06:17,121 | INFO    | hw02.routing           | grafo 'car': 20525 nodos, 27949 arcos
2026-09-06 22:06:17,155 | INFO    | hw02.routing           | Dijkstra desde 3 destinos en bloques de 40
2026-09-06 22:06:17,166 | INFO    | hw02.routing           |   destinos 3/3
2026-09-06 22:06:17,168 | INFO    | hw02.routing           | matriz graph/car calculada en 141.7 s y guardada en table_graph_car_08019f843ca3435b.npz
2026-09-06 22:06:17,174 | INFO    | hw02.routing           | Dijkstra desde 31 destinos en bloques de 40
2026-09-06 22:06:17,238 | INFO    | hw02.routing           |   destinos 31/31
2026-09-06 22:06:17,241 | INFO    | hw02.routing           | matriz graph/car calculada en 0.1 s y guardada en table_graph_car_cdd517adeec6e7c8.npz
2026-09-06 22:06:17,254 | INFO    | hw02.routing           | escrito snapping_dev.csv
2026-09-06 22:06:17,258 | INFO    | hw02.routing           | escrito od_car_matrix_dev.parquet
2026-09-06 22:06:17,261 | INFO    | hw02.routing           | escrito od_dist_car_matrix_dev.parquet
2026-09-06 22:06:17,265 | INFO    | hw02.routing           | escrito od_imputed_car_matrix_dev.parquet
2026-09-06 22:06:17,269 | INFO    | hw02.routing           | escrito od_candidates_dev_car.parquet
2026-09-06 22:06:17,271 | INFO    | hw02.routing           | escrito straight_vs_network_dev.csv
2026-09-06 22:07:28,075 | INFO    | hw02.routing           | motor de ruteo: graph
2026-09-06 22:07:28,161 | INFO    | hw02.routing           | alcance dev: 198 orígenes, 3 resolutivas, 31 candidatas I-3/I-4
2026-09-06 22:07:28,168 | INFO    | hw02.routing           | matriz graph/car desde caché en disco (table_graph_car_08019f843ca3435b.npz)
2026-09-06 22:07:28,177 | INFO    | hw02.routing           | matriz graph/car desde caché en disco (table_graph_car_cdd517adeec6e7c8.npz)
2026-09-06 22:07:28,187 | INFO    | hw02.routing           | escrito snapping_dev.csv
2026-09-06 22:07:28,191 | INFO    | hw02.routing           | escrito od_car_matrix_dev.parquet
2026-09-06 22:07:28,194 | INFO    | hw02.routing           | escrito od_dist_car_matrix_dev.parquet
2026-09-06 22:07:28,197 | INFO    | hw02.routing           | escrito od_imputed_car_matrix_dev.parquet
2026-09-06 22:07:28,201 | INFO    | hw02.routing           | escrito od_candidates_dev_car.parquet
2026-09-06 22:07:28,204 | INFO    | hw02.routing           | escrito straight_vs_network_dev.csv
2026-09-06 22:09:44,378 | INFO    | hw02.routing           | motor de ruteo: graph
2026-09-06 22:09:44,455 | INFO    | hw02.routing           | alcance dev: 198 orígenes, 3 resolutivas, 31 candidatas I-3/I-4
2026-09-06 22:09:44,459 | INFO    | hw02.routing           | matriz graph/car desde caché en disco (table_graph_car_08019f843ca3435b.npz)
2026-09-06 22:09:44,463 | INFO    | hw02.routing           | matriz graph/car desde caché en disco (table_graph_car_cdd517adeec6e7c8.npz)
2026-09-06 22:09:44,473 | INFO    | hw02.routing           | escrito snapping_dev.csv (0.0 MB)
2026-09-06 22:09:44,480 | INFO    | hw02.routing           | escrito od_car_matrix_dev.parquet (0.0 MB)
2026-09-06 22:09:44,486 | INFO    | hw02.routing           | escrito od_dist_car_matrix_dev.parquet (0.0 MB)
2026-09-06 22:09:44,490 | INFO    | hw02.routing           | escrito od_imputed_car_matrix_dev.parquet (0.0 MB)
2026-09-06 22:09:44,494 | INFO    | hw02.routing           | escrito od_candidates_dev_car.parquet (0.0 MB)
2026-09-06 22:09:44,498 | INFO    | hw02.routing           | escrito straight_vs_network_dev.csv (0.0 MB)
2026-09-06 22:09:44,543 | INFO    | hw02.routing           | motor de ruteo: graph
2026-09-06 22:09:44,567 | INFO    | hw02.routing           | perfil foot: 198 orígenes × 3 destinos (unión de los 15 más cercanos en auto)
2026-09-06 22:09:44,924 | INFO    | hw02.routing           | vías de Overpass desde caché: roads_overpass_dev.parquet
2026-09-06 22:09:45,402 | INFO    | hw02.routing           | vías utilizables para 'foot': 11330
2026-09-06 22:09:45,666 | INFO    | hw02.routing           | grafo 'foot': 20989 nodos, 27833 arcos
2026-09-06 22:09:45,693 | INFO    | hw02.routing           | Dijkstra desde 3 destinos en bloques de 40
2026-09-06 22:09:45,696 | INFO    | hw02.routing           |   destinos 3/3
2026-09-06 22:09:45,700 | INFO    | hw02.routing           | matriz graph/foot calculada en 1.1 s y guardada en table_graph_foot_9fee4b12e8041aa5.npz
2026-09-06 22:09:45,707 | INFO    | hw02.routing           | escrito od_foot_matrix_dev.parquet (0.0 MB)
2026-09-06 22:09:45,709 | INFO    | hw02.routing           | escrito snapping_foot_dev.csv (0.0 MB)
2026-09-06 22:09:45,714 | INFO    | hw02.routing           | motor de ruteo: graph
2026-09-06 22:09:45,736 | INFO    | hw02.routing           | perfil bike: 198 orígenes × 3 destinos (unión de los 15 más cercanos en auto)
2026-09-06 22:09:45,738 | INFO    | hw02.routing           | vías de Overpass desde caché: roads_overpass_dev.parquet
2026-09-06 22:09:46,205 | INFO    | hw02.routing           | vías utilizables para 'bike': 11625
2026-09-06 22:09:46,491 | INFO    | hw02.routing           | grafo 'bike': 21288 nodos, 28879 arcos
2026-09-06 22:09:46,515 | INFO    | hw02.routing           | Dijkstra desde 3 destinos en bloques de 40
2026-09-06 22:09:46,522 | INFO    | hw02.routing           |   destinos 3/3
2026-09-06 22:09:46,524 | INFO    | hw02.routing           | matriz graph/bike calculada en 0.8 s y guardada en table_graph_bike_b1d20505ad2ceffc.npz
2026-09-06 22:09:46,531 | INFO    | hw02.routing           | escrito od_bike_matrix_dev.parquet (0.0 MB)
2026-09-06 22:09:46,533 | INFO    | hw02.routing           | escrito snapping_bike_dev.csv (0.0 MB)
2026-09-06 22:09:46,559 | INFO    | hw02.routing           | cargada matriz car: (198, 3)
2026-09-06 22:09:46,566 | INFO    | hw02.routing           | cargada matriz foot: (198, 3)
2026-09-06 22:09:46,572 | INFO    | hw02.routing           | cargada matriz bike: (198, 3)
2026-09-06 22:09:46,582 | INFO    | hw02.routing           | escrito cross_mode_dev.csv (0.0 MB)
2026-09-06 22:57:47,000 | INFO    | hw02.routing           | motor de ruteo: graph
2026-09-06 22:57:47,089 | INFO    | hw02.routing           | alcance dev: 198 orígenes, 3 resolutivas, 31 candidatas I-3/I-4
2026-09-06 22:57:47,095 | INFO    | hw02.routing           | matriz graph/car desde caché en disco (table_graph_car_08019f843ca3435b.npz)
2026-09-06 22:57:47,100 | INFO    | hw02.routing           | matriz graph/car desde caché en disco (table_graph_car_cdd517adeec6e7c8.npz)
2026-09-06 22:57:47,110 | INFO    | hw02.routing           | escrito snapping_dev.csv (0.0 MB)
2026-09-06 22:57:47,115 | INFO    | hw02.routing           | escrito od_car_matrix_dev.parquet (0.0 MB)
2026-09-06 22:57:47,119 | INFO    | hw02.routing           | escrito od_dist_car_matrix_dev.parquet (0.0 MB)
2026-09-06 22:57:47,123 | INFO    | hw02.routing           | escrito od_imputed_car_matrix_dev.parquet (0.0 MB)
2026-09-06 22:57:47,129 | INFO    | hw02.routing           | escrito od_candidates_dev_car.parquet (0.0 MB)
2026-09-06 22:57:47,131 | INFO    | hw02.routing           | escrito straight_vs_network_dev.csv (0.0 MB)
2026-09-06 22:57:47,183 | INFO    | hw02.routing           | motor de ruteo: graph
2026-09-06 22:57:47,207 | INFO    | hw02.routing           | perfil foot: 198 orígenes × 3 destinos (unión de los 15 más cercanos en auto)
2026-09-06 22:57:47,212 | INFO    | hw02.routing           | matriz graph/foot desde caché en disco (table_graph_foot_9fee4b12e8041aa5.npz)
2026-09-06 22:57:47,218 | INFO    | hw02.routing           | escrito od_foot_matrix_dev.parquet (0.0 MB)
2026-09-06 22:57:47,220 | INFO    | hw02.routing           | escrito snapping_foot_dev.csv (0.0 MB)
2026-09-06 22:57:47,223 | INFO    | hw02.routing           | motor de ruteo: graph
2026-09-06 22:57:47,243 | INFO    | hw02.routing           | perfil bike: 198 orígenes × 3 destinos (unión de los 15 más cercanos en auto)
2026-09-06 22:57:47,248 | INFO    | hw02.routing           | matriz graph/bike desde caché en disco (table_graph_bike_b1d20505ad2ceffc.npz)
2026-09-06 22:57:47,254 | INFO    | hw02.routing           | escrito od_bike_matrix_dev.parquet (0.0 MB)
2026-09-06 22:57:47,256 | INFO    | hw02.routing           | escrito snapping_bike_dev.csv (0.0 MB)
2026-09-06 22:57:47,277 | INFO    | hw02.routing           | cargada matriz car: (198, 3)
2026-09-06 22:57:47,283 | INFO    | hw02.routing           | cargada matriz foot: (198, 3)
2026-09-06 22:57:47,289 | INFO    | hw02.routing           | cargada matriz bike: (198, 3)
2026-09-06 22:57:47,297 | INFO    | hw02.routing           | escrito cross_mode_dev.csv (0.0 MB)
2026-09-06 23:27:38,249 | INFO    | hw02.routing           | motor de ruteo: graph
2026-09-06 23:27:38,325 | INFO    | hw02.routing           | alcance dev: 198 orígenes, 3 resolutivas, 31 candidatas I-3/I-4
2026-09-06 23:27:38,330 | INFO    | hw02.routing           | matriz graph/car desde caché en disco (table_graph_car_08019f843ca3435b.npz)
2026-09-06 23:27:38,335 | INFO    | hw02.routing           | matriz graph/car desde caché en disco (table_graph_car_cdd517adeec6e7c8.npz)
2026-09-06 23:27:38,345 | INFO    | hw02.routing           | escrito snapping_dev.csv (0.0 MB)
2026-09-06 23:27:38,351 | INFO    | hw02.routing           | escrito od_car_matrix_dev.parquet (0.0 MB)
2026-09-06 23:27:38,355 | INFO    | hw02.routing           | escrito od_dist_car_matrix_dev.parquet (0.0 MB)
2026-09-06 23:27:38,359 | INFO    | hw02.routing           | escrito od_imputed_car_matrix_dev.parquet (0.0 MB)
2026-09-06 23:27:38,365 | INFO    | hw02.routing           | escrito od_candidates_dev_car.parquet (0.0 MB)
2026-09-06 23:27:38,368 | INFO    | hw02.routing           | escrito straight_vs_network_dev.csv (0.0 MB)
2026-09-06 23:27:38,419 | INFO    | hw02.routing           | motor de ruteo: graph
2026-09-06 23:27:38,443 | INFO    | hw02.routing           | perfil foot: 198 orígenes × 3 destinos (unión de los 15 más cercanos en auto)
2026-09-06 23:27:38,445 | INFO    | hw02.routing           | matriz graph/foot desde caché en disco (table_graph_foot_9fee4b12e8041aa5.npz)
2026-09-07 13:57:42,822 | INFO    | hw02.routing           | motor de ruteo: osrm
2026-09-07 13:57:42,885 | INFO    | hw02.routing           | alcance national: 5000 orígenes, 644 resolutivas, 4653 candidatas I-3/I-4
2026-09-07 13:57:42,893 | INFO    | hw02.routing           | OSRM car: 5000×644 en 700 peticiones (bloques 50×100)
2026-09-07 13:57:44,284 | INFO    | hw02.routing           |   10/700 bloques
2026-09-07 13:57:45,897 | INFO    | hw02.routing           |   20/700 bloques
2026-09-07 13:57:47,453 | INFO    | hw02.routing           |   30/700 bloques
2026-09-07 13:57:49,102 | INFO    | hw02.routing           |   40/700 bloques
2026-09-07 13:57:50,779 | INFO    | hw02.routing           |   50/700 bloques
2026-09-07 13:57:52,553 | INFO    | hw02.routing           |   60/700 bloques
2026-09-07 13:57:54,225 | INFO    | hw02.routing           |   70/700 bloques
2026-09-07 13:57:55,898 | INFO    | hw02.routing           |   80/700 bloques
2026-09-07 13:57:57,415 | INFO    | hw02.routing           |   90/700 bloques
2026-09-07 13:57:58,841 | INFO    | hw02.routing           |   100/700 bloques
2026-09-07 13:58:00,537 | INFO    | hw02.routing           |   110/700 bloques
2026-09-07 13:58:02,219 | INFO    | hw02.routing           |   120/700 bloques
2026-09-07 13:58:03,991 | INFO    | hw02.routing           |   130/700 bloques
2026-09-07 13:58:05,654 | INFO    | hw02.routing           |   140/700 bloques
2026-09-07 13:58:07,501 | INFO    | hw02.routing           |   150/700 bloques
2026-09-07 13:58:09,194 | INFO    | hw02.routing           |   160/700 bloques
2026-09-07 13:58:10,746 | INFO    | hw02.routing           |   170/700 bloques
2026-09-07 13:58:12,313 | INFO    | hw02.routing           |   180/700 bloques
2026-09-07 13:58:13,825 | INFO    | hw02.routing           |   190/700 bloques
2026-09-07 13:58:15,533 | INFO    | hw02.routing           |   200/700 bloques
2026-09-07 13:58:17,228 | INFO    | hw02.routing           |   210/700 bloques
2026-09-07 13:58:18,937 | INFO    | hw02.routing           |   220/700 bloques
2026-09-07 13:58:20,599 | INFO    | hw02.routing           |   230/700 bloques
2026-09-07 13:58:22,047 | INFO    | hw02.routing           |   240/700 bloques
2026-09-07 13:58:23,622 | INFO    | hw02.routing           |   250/700 bloques
2026-09-07 13:58:25,143 | INFO    | hw02.routing           |   260/700 bloques
2026-09-07 13:58:26,698 | INFO    | hw02.routing           |   270/700 bloques
2026-09-07 13:58:28,260 | INFO    | hw02.routing           |   280/700 bloques
2026-09-07 13:58:29,581 | INFO    | hw02.routing           |   290/700 bloques
2026-09-07 13:58:31,037 | INFO    | hw02.routing           |   300/700 bloques
2026-09-07 13:58:32,664 | INFO    | hw02.routing           |   310/700 bloques
2026-09-07 13:58:34,250 | INFO    | hw02.routing           |   320/700 bloques
2026-09-07 13:58:35,823 | INFO    | hw02.routing           |   330/700 bloques
2026-09-07 13:58:37,549 | INFO    | hw02.routing           |   340/700 bloques
2026-09-07 13:58:39,241 | INFO    | hw02.routing           |   350/700 bloques
2026-09-07 13:58:40,970 | INFO    | hw02.routing           |   360/700 bloques
2026-09-07 13:58:42,737 | INFO    | hw02.routing           |   370/700 bloques
2026-09-07 13:58:44,444 | INFO    | hw02.routing           |   380/700 bloques
2026-09-07 13:58:46,201 | INFO    | hw02.routing           |   390/700 bloques
2026-09-07 13:58:47,589 | INFO    | hw02.routing           |   400/700 bloques
2026-09-07 13:58:49,013 | INFO    | hw02.routing           |   410/700 bloques
2026-09-07 13:58:50,281 | INFO    | hw02.routing           |   420/700 bloques
2026-09-07 13:58:51,769 | INFO    | hw02.routing           |   430/700 bloques
2026-09-07 13:58:53,530 | INFO    | hw02.routing           |   440/700 bloques
2026-09-07 13:58:55,230 | INFO    | hw02.routing           |   450/700 bloques
2026-09-07 13:58:56,967 | INFO    | hw02.routing           |   460/700 bloques
2026-09-07 13:58:58,662 | INFO    | hw02.routing           |   470/700 bloques
2026-09-07 13:59:00,396 | INFO    | hw02.routing           |   480/700 bloques
2026-09-07 13:59:02,024 | INFO    | hw02.routing           |   490/700 bloques
2026-09-07 13:59:03,814 | INFO    | hw02.routing           |   500/700 bloques
2026-09-07 13:59:05,680 | INFO    | hw02.routing           |   510/700 bloques
2026-09-07 13:59:07,436 | INFO    | hw02.routing           |   520/700 bloques
2026-09-07 13:59:09,172 | INFO    | hw02.routing           |   530/700 bloques
2026-09-07 13:59:10,526 | INFO    | hw02.routing           |   540/700 bloques
2026-09-07 13:59:11,914 | INFO    | hw02.routing           |   550/700 bloques
2026-09-07 13:59:13,224 | INFO    | hw02.routing           |   560/700 bloques
2026-09-07 13:59:14,932 | INFO    | hw02.routing           |   570/700 bloques
2026-09-07 13:59:16,707 | INFO    | hw02.routing           |   580/700 bloques
2026-09-07 13:59:18,369 | INFO    | hw02.routing           |   590/700 bloques
2026-09-07 13:59:19,942 | INFO    | hw02.routing           |   600/700 bloques
2026-09-07 13:59:21,572 | INFO    | hw02.routing           |   610/700 bloques
2026-09-07 13:59:23,233 | INFO    | hw02.routing           |   620/700 bloques
2026-09-07 13:59:24,517 | INFO    | hw02.routing           |   630/700 bloques
2026-09-07 13:59:25,870 | INFO    | hw02.routing           |   640/700 bloques
2026-09-07 13:59:27,514 | INFO    | hw02.routing           |   650/700 bloques
2026-09-07 13:59:29,280 | INFO    | hw02.routing           |   660/700 bloques
2026-09-07 13:59:31,104 | INFO    | hw02.routing           |   670/700 bloques
2026-09-07 13:59:32,457 | INFO    | hw02.routing           |   680/700 bloques
2026-09-07 13:59:33,920 | INFO    | hw02.routing           |   690/700 bloques
2026-09-07 13:59:35,592 | INFO    | hw02.routing           |   700/700 bloques
2026-09-07 13:59:36,775 | INFO    | hw02.routing           | matriz osrm/car calculada en 113.9 s y guardada en table_osrm_car_e4c98c4978612410.npz
2026-09-07 13:59:36,973 | INFO    | hw02.routing           | OSRM car: 5000×4653 en 4700 peticiones (bloques 50×100)
2026-09-07 13:59:38,276 | INFO    | hw02.routing           |   10/4700 bloques
2026-09-07 13:59:39,581 | INFO    | hw02.routing           |   20/4700 bloques
2026-09-07 13:59:40,939 | INFO    | hw02.routing           |   30/4700 bloques
2026-09-07 13:59:42,308 | INFO    | hw02.routing           |   40/4700 bloques
2026-09-07 13:59:43,660 | INFO    | hw02.routing           |   50/4700 bloques
2026-09-07 13:59:45,085 | INFO    | hw02.routing           |   60/4700 bloques
2026-09-07 13:59:46,540 | INFO    | hw02.routing           |   70/4700 bloques
2026-09-07 13:59:48,049 | INFO    | hw02.routing           |   80/4700 bloques
2026-09-07 13:59:49,551 | INFO    | hw02.routing           |   90/4700 bloques
2026-09-07 13:59:51,168 | INFO    | hw02.routing           |   100/4700 bloques
2026-09-07 13:59:52,827 | INFO    | hw02.routing           |   110/4700 bloques
2026-09-07 13:59:54,573 | INFO    | hw02.routing           |   120/4700 bloques
2026-09-07 13:59:56,328 | INFO    | hw02.routing           |   130/4700 bloques
2026-09-07 13:59:58,134 | INFO    | hw02.routing           |   140/4700 bloques
2026-09-07 13:59:59,696 | INFO    | hw02.routing           |   150/4700 bloques
2026-09-07 14:00:01,283 | INFO    | hw02.routing           |   160/4700 bloques
2026-09-07 14:00:02,951 | INFO    | hw02.routing           |   170/4700 bloques
2026-09-07 14:00:04,623 | INFO    | hw02.routing           |   180/4700 bloques
2026-09-07 14:00:06,249 | INFO    | hw02.routing           |   190/4700 bloques
2026-09-07 14:00:07,874 | INFO    | hw02.routing           |   200/4700 bloques
2026-09-07 14:00:09,486 | INFO    | hw02.routing           |   210/4700 bloques
2026-09-07 14:00:11,174 | INFO    | hw02.routing           |   220/4700 bloques
2026-09-07 14:00:12,862 | INFO    | hw02.routing           |   230/4700 bloques
2026-09-07 14:00:14,500 | INFO    | hw02.routing           |   240/4700 bloques
2026-09-07 14:00:16,136 | INFO    | hw02.routing           |   250/4700 bloques
2026-09-07 14:00:17,835 | INFO    | hw02.routing           |   260/4700 bloques
2026-09-07 14:00:19,548 | INFO    | hw02.routing           |   270/4700 bloques
2026-09-07 14:00:21,295 | INFO    | hw02.routing           |   280/4700 bloques
2026-09-07 14:00:23,018 | INFO    | hw02.routing           |   290/4700 bloques
2026-09-07 14:00:24,776 | INFO    | hw02.routing           |   300/4700 bloques
2026-09-07 14:00:26,588 | INFO    | hw02.routing           |   310/4700 bloques
2026-09-07 14:00:28,382 | INFO    | hw02.routing           |   320/4700 bloques
2026-09-07 14:00:30,154 | INFO    | hw02.routing           |   330/4700 bloques
2026-09-07 14:00:31,904 | INFO    | hw02.routing           |   340/4700 bloques
2026-09-07 14:00:33,642 | INFO    | hw02.routing           |   350/4700 bloques
2026-09-07 14:00:35,435 | INFO    | hw02.routing           |   360/4700 bloques
2026-09-07 14:00:37,237 | INFO    | hw02.routing           |   370/4700 bloques
2026-09-07 14:00:39,022 | INFO    | hw02.routing           |   380/4700 bloques
2026-09-07 14:00:40,726 | INFO    | hw02.routing           |   390/4700 bloques
2026-09-07 14:00:42,516 | INFO    | hw02.routing           |   400/4700 bloques
2026-09-07 14:00:44,311 | INFO    | hw02.routing           |   410/4700 bloques
2026-09-07 14:00:46,134 | INFO    | hw02.routing           |   420/4700 bloques
2026-09-07 14:00:47,864 | INFO    | hw02.routing           |   430/4700 bloques
2026-09-07 14:00:49,611 | INFO    | hw02.routing           |   440/4700 bloques
2026-09-07 14:00:51,432 | INFO    | hw02.routing           |   450/4700 bloques
2026-09-07 14:00:53,225 | INFO    | hw02.routing           |   460/4700 bloques
2026-09-07 14:00:54,994 | INFO    | hw02.routing           |   470/4700 bloques
2026-09-07 14:00:56,697 | INFO    | hw02.routing           |   480/4700 bloques
2026-09-07 14:00:58,360 | INFO    | hw02.routing           |   490/4700 bloques
2026-09-07 14:01:00,110 | INFO    | hw02.routing           |   500/4700 bloques
2026-09-07 14:01:01,864 | INFO    | hw02.routing           |   510/4700 bloques
2026-09-07 14:01:03,545 | INFO    | hw02.routing           |   520/4700 bloques
2026-09-07 14:01:05,131 | INFO    | hw02.routing           |   530/4700 bloques
2026-09-07 14:01:06,762 | INFO    | hw02.routing           |   540/4700 bloques
2026-09-07 14:01:08,431 | INFO    | hw02.routing           |   550/4700 bloques
2026-09-07 14:01:10,092 | INFO    | hw02.routing           |   560/4700 bloques
2026-09-07 14:01:11,601 | INFO    | hw02.routing           |   570/4700 bloques
2026-09-07 14:01:13,019 | INFO    | hw02.routing           |   580/4700 bloques
2026-09-07 14:01:14,501 | INFO    | hw02.routing           |   590/4700 bloques
2026-09-07 14:01:15,975 | INFO    | hw02.routing           |   600/4700 bloques
2026-09-07 14:01:17,472 | INFO    | hw02.routing           |   610/4700 bloques
2026-09-07 14:01:18,837 | INFO    | hw02.routing           |   620/4700 bloques
2026-09-07 14:01:20,270 | INFO    | hw02.routing           |   630/4700 bloques
2026-09-07 14:01:21,744 | INFO    | hw02.routing           |   640/4700 bloques
2026-09-07 14:01:23,214 | INFO    | hw02.routing           |   650/4700 bloques
2026-09-07 14:01:24,698 | INFO    | hw02.routing           |   660/4700 bloques
2026-09-07 14:01:26,375 | INFO    | hw02.routing           |   670/4700 bloques
2026-09-07 14:01:28,032 | INFO    | hw02.routing           |   680/4700 bloques
2026-09-07 14:01:29,775 | INFO    | hw02.routing           |   690/4700 bloques
2026-09-07 14:01:31,489 | INFO    | hw02.routing           |   700/4700 bloques
2026-09-07 14:01:33,192 | INFO    | hw02.routing           |   710/4700 bloques
2026-09-07 14:01:34,878 | INFO    | hw02.routing           |   720/4700 bloques
2026-09-07 14:01:36,639 | INFO    | hw02.routing           |   730/4700 bloques
2026-09-07 14:01:38,404 | INFO    | hw02.routing           |   740/4700 bloques
2026-09-07 14:01:40,223 | INFO    | hw02.routing           |   750/4700 bloques
2026-09-07 14:01:41,927 | INFO    | hw02.routing           |   760/4700 bloques
2026-09-07 14:01:43,649 | INFO    | hw02.routing           |   770/4700 bloques
2026-09-07 14:01:45,428 | INFO    | hw02.routing           |   780/4700 bloques
2026-09-07 14:01:47,202 | INFO    | hw02.routing           |   790/4700 bloques
2026-09-07 14:01:48,940 | INFO    | hw02.routing           |   800/4700 bloques
2026-09-07 14:01:50,678 | INFO    | hw02.routing           |   810/4700 bloques
2026-09-07 14:01:52,390 | INFO    | hw02.routing           |   820/4700 bloques
2026-09-07 14:01:54,176 | INFO    | hw02.routing           |   830/4700 bloques
2026-09-07 14:01:55,965 | INFO    | hw02.routing           |   840/4700 bloques
2026-09-07 14:01:57,690 | INFO    | hw02.routing           |   850/4700 bloques
2026-09-07 14:01:59,373 | INFO    | hw02.routing           |   860/4700 bloques
2026-09-07 14:02:01,131 | INFO    | hw02.routing           |   870/4700 bloques
2026-09-07 14:02:02,903 | INFO    | hw02.routing           |   880/4700 bloques
2026-09-07 14:02:04,730 | INFO    | hw02.routing           |   890/4700 bloques
2026-09-07 14:02:06,437 | INFO    | hw02.routing           |   900/4700 bloques
2026-09-07 14:02:08,147 | INFO    | hw02.routing           |   910/4700 bloques
2026-09-07 14:02:09,921 | INFO    | hw02.routing           |   920/4700 bloques
2026-09-07 14:02:11,699 | INFO    | hw02.routing           |   930/4700 bloques
2026-09-07 14:02:13,479 | INFO    | hw02.routing           |   940/4700 bloques
2026-09-07 14:02:15,312 | INFO    | hw02.routing           |   950/4700 bloques
2026-09-07 14:02:17,091 | INFO    | hw02.routing           |   960/4700 bloques
2026-09-07 14:02:18,956 | INFO    | hw02.routing           |   970/4700 bloques
2026-09-07 14:02:20,838 | INFO    | hw02.routing           |   980/4700 bloques
2026-09-07 14:02:22,673 | INFO    | hw02.routing           |   990/4700 bloques
2026-09-07 14:02:24,468 | INFO    | hw02.routing           |   1000/4700 bloques
2026-09-07 14:02:26,284 | INFO    | hw02.routing           |   1010/4700 bloques
2026-09-07 14:02:28,156 | INFO    | hw02.routing           |   1020/4700 bloques
2026-09-07 14:02:30,026 | INFO    | hw02.routing           |   1030/4700 bloques
2026-09-07 14:02:31,707 | INFO    | hw02.routing           |   1040/4700 bloques
2026-09-07 14:02:33,281 | INFO    | hw02.routing           |   1050/4700 bloques
2026-09-07 14:02:34,930 | INFO    | hw02.routing           |   1060/4700 bloques
2026-09-07 14:02:36,584 | INFO    | hw02.routing           |   1070/4700 bloques
2026-09-07 14:02:38,294 | INFO    | hw02.routing           |   1080/4700 bloques
2026-09-07 14:02:39,914 | INFO    | hw02.routing           |   1090/4700 bloques
2026-09-07 14:02:41,548 | INFO    | hw02.routing           |   1100/4700 bloques
2026-09-07 14:02:43,251 | INFO    | hw02.routing           |   1110/4700 bloques
2026-09-07 14:02:44,965 | INFO    | hw02.routing           |   1120/4700 bloques
2026-09-07 14:02:46,597 | INFO    | hw02.routing           |   1130/4700 bloques
2026-09-07 14:02:48,149 | INFO    | hw02.routing           |   1140/4700 bloques
2026-09-07 14:02:49,720 | INFO    | hw02.routing           |   1150/4700 bloques
2026-09-07 14:02:51,338 | INFO    | hw02.routing           |   1160/4700 bloques
2026-09-07 14:02:52,958 | INFO    | hw02.routing           |   1170/4700 bloques
2026-09-07 14:02:54,507 | INFO    | hw02.routing           |   1180/4700 bloques
2026-09-07 14:02:56,033 | INFO    | hw02.routing           |   1190/4700 bloques
2026-09-07 14:02:57,620 | INFO    | hw02.routing           |   1200/4700 bloques
2026-09-07 14:02:59,223 | INFO    | hw02.routing           |   1210/4700 bloques
2026-09-07 14:03:00,840 | INFO    | hw02.routing           |   1220/4700 bloques
2026-09-07 14:03:02,317 | INFO    | hw02.routing           |   1230/4700 bloques
2026-09-07 14:03:03,863 | INFO    | hw02.routing           |   1240/4700 bloques
2026-09-07 14:03:05,443 | INFO    | hw02.routing           |   1250/4700 bloques
2026-09-07 14:03:07,057 | INFO    | hw02.routing           |   1260/4700 bloques
2026-09-07 14:03:08,643 | INFO    | hw02.routing           |   1270/4700 bloques
2026-09-07 14:03:10,295 | INFO    | hw02.routing           |   1280/4700 bloques
2026-09-07 14:03:11,936 | INFO    | hw02.routing           |   1290/4700 bloques
2026-09-07 14:03:13,645 | INFO    | hw02.routing           |   1300/4700 bloques
2026-09-07 14:03:15,350 | INFO    | hw02.routing           |   1310/4700 bloques
2026-09-07 14:03:17,039 | INFO    | hw02.routing           |   1320/4700 bloques
2026-09-07 14:03:18,786 | INFO    | hw02.routing           |   1330/4700 bloques
2026-09-07 14:03:20,589 | INFO    | hw02.routing           |   1340/4700 bloques
2026-09-07 14:03:22,408 | INFO    | hw02.routing           |   1350/4700 bloques
2026-09-07 14:03:24,252 | INFO    | hw02.routing           |   1360/4700 bloques
2026-09-07 14:03:25,970 | INFO    | hw02.routing           |   1370/4700 bloques
2026-09-07 14:03:27,906 | INFO    | hw02.routing           |   1380/4700 bloques
2026-09-07 14:03:29,740 | INFO    | hw02.routing           |   1390/4700 bloques
2026-09-07 14:03:31,585 | INFO    | hw02.routing           |   1400/4700 bloques
2026-09-07 14:03:33,389 | INFO    | hw02.routing           |   1410/4700 bloques
2026-09-07 14:03:35,106 | INFO    | hw02.routing           |   1420/4700 bloques
2026-09-07 14:03:36,810 | INFO    | hw02.routing           |   1430/4700 bloques
2026-09-07 14:03:38,545 | INFO    | hw02.routing           |   1440/4700 bloques
2026-09-07 14:03:40,274 | INFO    | hw02.routing           |   1450/4700 bloques
2026-09-07 14:03:41,970 | INFO    | hw02.routing           |   1460/4700 bloques
2026-09-07 14:03:43,658 | INFO    | hw02.routing           |   1470/4700 bloques
2026-09-07 14:03:45,361 | INFO    | hw02.routing           |   1480/4700 bloques
2026-09-07 14:03:47,147 | INFO    | hw02.routing           |   1490/4700 bloques
2026-09-07 14:03:48,917 | INFO    | hw02.routing           |   1500/4700 bloques
2026-09-07 14:03:50,559 | INFO    | hw02.routing           |   1510/4700 bloques
2026-09-07 14:03:52,082 | INFO    | hw02.routing           |   1520/4700 bloques
2026-09-07 14:03:53,692 | INFO    | hw02.routing           |   1530/4700 bloques
2026-09-07 14:03:55,290 | INFO    | hw02.routing           |   1540/4700 bloques
2026-09-07 14:03:56,921 | INFO    | hw02.routing           |   1550/4700 bloques
2026-09-07 14:03:58,341 | INFO    | hw02.routing           |   1560/4700 bloques
2026-09-07 14:03:59,801 | INFO    | hw02.routing           |   1570/4700 bloques
2026-09-07 14:04:01,298 | INFO    | hw02.routing           |   1580/4700 bloques
2026-09-07 14:04:02,813 | INFO    | hw02.routing           |   1590/4700 bloques
2026-09-07 14:04:04,292 | INFO    | hw02.routing           |   1600/4700 bloques
2026-09-07 14:04:05,825 | INFO    | hw02.routing           |   1610/4700 bloques
2026-09-07 14:04:07,350 | INFO    | hw02.routing           |   1620/4700 bloques
2026-09-07 14:04:08,955 | INFO    | hw02.routing           |   1630/4700 bloques
2026-09-07 14:04:10,559 | INFO    | hw02.routing           |   1640/4700 bloques
2026-09-07 14:04:12,132 | INFO    | hw02.routing           |   1650/4700 bloques
2026-09-07 14:04:13,652 | INFO    | hw02.routing           |   1660/4700 bloques
2026-09-07 14:04:15,265 | INFO    | hw02.routing           |   1670/4700 bloques
2026-09-07 14:04:16,879 | INFO    | hw02.routing           |   1680/4700 bloques
2026-09-07 14:04:18,541 | INFO    | hw02.routing           |   1690/4700 bloques
2026-09-07 14:04:20,079 | INFO    | hw02.routing           |   1700/4700 bloques
2026-09-07 14:04:21,657 | INFO    | hw02.routing           |   1710/4700 bloques
2026-09-07 14:04:23,250 | INFO    | hw02.routing           |   1720/4700 bloques
2026-09-07 14:04:24,843 | INFO    | hw02.routing           |   1730/4700 bloques
2026-09-07 14:04:26,406 | INFO    | hw02.routing           |   1740/4700 bloques
2026-09-07 14:04:27,874 | INFO    | hw02.routing           |   1750/4700 bloques
2026-09-07 14:04:29,323 | INFO    | hw02.routing           |   1760/4700 bloques
2026-09-07 14:04:30,828 | INFO    | hw02.routing           |   1770/4700 bloques
2026-09-07 14:04:32,339 | INFO    | hw02.routing           |   1780/4700 bloques
2026-09-07 14:04:33,847 | INFO    | hw02.routing           |   1790/4700 bloques
2026-09-07 14:04:35,417 | INFO    | hw02.routing           |   1800/4700 bloques
2026-09-07 14:04:37,066 | INFO    | hw02.routing           |   1810/4700 bloques
2026-09-07 14:04:38,726 | INFO    | hw02.routing           |   1820/4700 bloques
2026-09-07 14:04:40,417 | INFO    | hw02.routing           |   1830/4700 bloques
2026-09-07 14:04:42,007 | INFO    | hw02.routing           |   1840/4700 bloques
2026-09-07 14:04:43,603 | INFO    | hw02.routing           |   1850/4700 bloques
2026-09-07 14:04:45,258 | INFO    | hw02.routing           |   1860/4700 bloques
2026-09-07 14:04:46,903 | INFO    | hw02.routing           |   1870/4700 bloques
2026-09-07 14:04:48,547 | INFO    | hw02.routing           |   1880/4700 bloques
2026-09-07 14:04:49,860 | INFO    | hw02.routing           |   1890/4700 bloques
2026-09-07 14:04:51,162 | INFO    | hw02.routing           |   1900/4700 bloques
2026-09-07 14:04:52,525 | INFO    | hw02.routing           |   1910/4700 bloques
2026-09-07 14:04:53,894 | INFO    | hw02.routing           |   1920/4700 bloques
2026-09-07 14:04:55,206 | INFO    | hw02.routing           |   1930/4700 bloques
2026-09-07 14:04:56,491 | INFO    | hw02.routing           |   1940/4700 bloques
2026-09-07 14:04:57,812 | INFO    | hw02.routing           |   1950/4700 bloques
2026-09-07 14:04:59,185 | INFO    | hw02.routing           |   1960/4700 bloques
2026-09-07 14:05:00,549 | INFO    | hw02.routing           |   1970/4700 bloques
2026-09-07 14:05:01,986 | INFO    | hw02.routing           |   1980/4700 bloques
2026-09-07 14:05:03,494 | INFO    | hw02.routing           |   1990/4700 bloques
2026-09-07 14:05:05,068 | INFO    | hw02.routing           |   2000/4700 bloques
2026-09-07 14:05:06,635 | INFO    | hw02.routing           |   2010/4700 bloques
2026-09-07 14:05:08,215 | INFO    | hw02.routing           |   2020/4700 bloques
2026-09-07 14:05:09,866 | INFO    | hw02.routing           |   2030/4700 bloques
2026-09-07 14:05:11,557 | INFO    | hw02.routing           |   2040/4700 bloques
2026-09-07 14:05:13,308 | INFO    | hw02.routing           |   2050/4700 bloques
2026-09-07 14:05:15,077 | INFO    | hw02.routing           |   2060/4700 bloques
2026-09-07 14:05:16,785 | INFO    | hw02.routing           |   2070/4700 bloques
2026-09-07 14:05:18,454 | INFO    | hw02.routing           |   2080/4700 bloques
2026-09-07 14:05:20,096 | INFO    | hw02.routing           |   2090/4700 bloques
2026-09-07 14:05:21,821 | INFO    | hw02.routing           |   2100/4700 bloques
2026-09-07 14:05:23,539 | INFO    | hw02.routing           |   2110/4700 bloques
2026-09-07 14:05:25,117 | INFO    | hw02.routing           |   2120/4700 bloques
2026-09-07 14:05:26,603 | INFO    | hw02.routing           |   2130/4700 bloques
2026-09-07 14:05:28,150 | INFO    | hw02.routing           |   2140/4700 bloques
2026-09-07 14:05:29,701 | INFO    | hw02.routing           |   2150/4700 bloques
2026-09-07 14:05:31,286 | INFO    | hw02.routing           |   2160/4700 bloques
2026-09-07 14:05:32,858 | INFO    | hw02.routing           |   2170/4700 bloques
2026-09-07 14:05:34,516 | INFO    | hw02.routing           |   2180/4700 bloques
2026-09-07 14:05:36,201 | INFO    | hw02.routing           |   2190/4700 bloques
2026-09-07 14:05:37,913 | INFO    | hw02.routing           |   2200/4700 bloques
2026-09-07 14:05:39,569 | INFO    | hw02.routing           |   2210/4700 bloques
2026-09-07 14:05:41,304 | INFO    | hw02.routing           |   2220/4700 bloques
2026-09-07 14:05:43,018 | INFO    | hw02.routing           |   2230/4700 bloques
2026-09-07 14:05:44,791 | INFO    | hw02.routing           |   2240/4700 bloques
2026-09-07 14:05:46,579 | INFO    | hw02.routing           |   2250/4700 bloques
2026-09-07 14:05:48,304 | INFO    | hw02.routing           |   2260/4700 bloques
2026-09-07 14:05:49,990 | INFO    | hw02.routing           |   2270/4700 bloques
2026-09-07 14:05:51,756 | INFO    | hw02.routing           |   2280/4700 bloques
2026-09-07 14:05:53,522 | INFO    | hw02.routing           |   2290/4700 bloques
2026-09-07 14:05:55,357 | INFO    | hw02.routing           |   2300/4700 bloques
2026-09-07 14:05:57,090 | INFO    | hw02.routing           |   2310/4700 bloques
2026-09-07 14:05:58,849 | INFO    | hw02.routing           |   2320/4700 bloques
2026-09-07 14:06:00,654 | INFO    | hw02.routing           |   2330/4700 bloques
2026-09-07 14:06:02,479 | INFO    | hw02.routing           |   2340/4700 bloques
2026-09-07 14:06:04,259 | INFO    | hw02.routing           |   2350/4700 bloques
2026-09-07 14:06:06,007 | INFO    | hw02.routing           |   2360/4700 bloques
2026-09-07 14:06:07,696 | INFO    | hw02.routing           |   2370/4700 bloques
2026-09-07 14:06:09,472 | INFO    | hw02.routing           |   2380/4700 bloques
2026-09-07 14:06:11,253 | INFO    | hw02.routing           |   2390/4700 bloques
2026-09-07 14:06:13,009 | INFO    | hw02.routing           |   2400/4700 bloques
2026-09-07 14:06:14,731 | INFO    | hw02.routing           |   2410/4700 bloques
2026-09-07 14:06:16,478 | INFO    | hw02.routing           |   2420/4700 bloques
2026-09-07 14:06:18,326 | INFO    | hw02.routing           |   2430/4700 bloques
2026-09-07 14:06:20,146 | INFO    | hw02.routing           |   2440/4700 bloques
2026-09-07 14:06:21,929 | INFO    | hw02.routing           |   2450/4700 bloques
2026-09-07 14:06:23,676 | INFO    | hw02.routing           |   2460/4700 bloques
2026-09-07 14:06:25,492 | INFO    | hw02.routing           |   2470/4700 bloques
2026-09-07 14:06:27,312 | INFO    | hw02.routing           |   2480/4700 bloques
2026-09-07 14:06:29,173 | INFO    | hw02.routing           |   2490/4700 bloques
2026-09-07 14:06:30,911 | INFO    | hw02.routing           |   2500/4700 bloques
2026-09-07 14:06:32,664 | INFO    | hw02.routing           |   2510/4700 bloques
2026-09-07 14:06:34,530 | INFO    | hw02.routing           |   2520/4700 bloques
2026-09-07 14:06:36,427 | INFO    | hw02.routing           |   2530/4700 bloques
2026-09-07 14:06:38,255 | INFO    | hw02.routing           |   2540/4700 bloques
2026-09-07 14:06:40,049 | INFO    | hw02.routing           |   2550/4700 bloques
2026-09-07 14:06:41,824 | INFO    | hw02.routing           |   2560/4700 bloques
2026-09-07 14:06:43,702 | INFO    | hw02.routing           |   2570/4700 bloques
2026-09-07 14:06:45,572 | INFO    | hw02.routing           |   2580/4700 bloques
2026-09-07 14:06:47,433 | INFO    | hw02.routing           |   2590/4700 bloques
2026-09-07 14:06:49,182 | INFO    | hw02.routing           |   2600/4700 bloques
2026-09-07 14:06:51,010 | INFO    | hw02.routing           |   2610/4700 bloques
2026-09-07 14:06:52,851 | INFO    | hw02.routing           |   2620/4700 bloques
2026-09-07 14:06:54,704 | INFO    | hw02.routing           |   2630/4700 bloques
2026-09-07 14:06:56,120 | INFO    | hw02.routing           |   2640/4700 bloques
2026-09-07 14:06:57,522 | INFO    | hw02.routing           |   2650/4700 bloques
2026-09-07 14:06:58,957 | INFO    | hw02.routing           |   2660/4700 bloques
2026-09-07 14:07:00,414 | INFO    | hw02.routing           |   2670/4700 bloques
2026-09-07 14:07:01,817 | INFO    | hw02.routing           |   2680/4700 bloques
2026-09-07 14:07:03,216 | INFO    | hw02.routing           |   2690/4700 bloques
2026-09-07 14:07:04,649 | INFO    | hw02.routing           |   2700/4700 bloques
2026-09-07 14:07:06,116 | INFO    | hw02.routing           |   2710/4700 bloques
2026-09-07 14:07:07,585 | INFO    | hw02.routing           |   2720/4700 bloques
2026-09-07 14:07:08,973 | INFO    | hw02.routing           |   2730/4700 bloques
2026-09-07 14:07:10,336 | INFO    | hw02.routing           |   2740/4700 bloques
2026-09-07 14:07:11,771 | INFO    | hw02.routing           |   2750/4700 bloques
2026-09-07 14:07:13,206 | INFO    | hw02.routing           |   2760/4700 bloques
2026-09-07 14:07:14,660 | INFO    | hw02.routing           |   2770/4700 bloques
2026-09-07 14:07:15,962 | INFO    | hw02.routing           |   2780/4700 bloques
2026-09-07 14:07:17,287 | INFO    | hw02.routing           |   2790/4700 bloques
2026-09-07 14:07:18,646 | INFO    | hw02.routing           |   2800/4700 bloques
2026-09-07 14:07:19,991 | INFO    | hw02.routing           |   2810/4700 bloques
2026-09-07 14:07:21,314 | INFO    | hw02.routing           |   2820/4700 bloques
2026-09-07 14:07:22,685 | INFO    | hw02.routing           |   2830/4700 bloques
2026-09-07 14:07:24,066 | INFO    | hw02.routing           |   2840/4700 bloques
2026-09-07 14:07:25,502 | INFO    | hw02.routing           |   2850/4700 bloques
2026-09-07 14:07:26,945 | INFO    | hw02.routing           |   2860/4700 bloques
2026-09-07 14:07:28,444 | INFO    | hw02.routing           |   2870/4700 bloques
2026-09-07 14:07:30,147 | INFO    | hw02.routing           |   2880/4700 bloques
2026-09-07 14:07:31,876 | INFO    | hw02.routing           |   2890/4700 bloques
2026-09-07 14:07:33,668 | INFO    | hw02.routing           |   2900/4700 bloques
2026-09-07 14:07:35,489 | INFO    | hw02.routing           |   2910/4700 bloques
2026-09-07 14:07:37,306 | INFO    | hw02.routing           |   2920/4700 bloques
2026-09-07 14:07:39,100 | INFO    | hw02.routing           |   2930/4700 bloques
2026-09-07 14:07:40,952 | INFO    | hw02.routing           |   2940/4700 bloques
2026-09-07 14:07:42,799 | INFO    | hw02.routing           |   2950/4700 bloques
2026-09-07 14:07:44,696 | INFO    | hw02.routing           |   2960/4700 bloques
2026-09-07 14:07:46,463 | INFO    | hw02.routing           |   2970/4700 bloques
2026-09-07 14:07:48,219 | INFO    | hw02.routing           |   2980/4700 bloques
2026-09-07 14:07:50,044 | INFO    | hw02.routing           |   2990/4700 bloques
2026-09-07 14:07:51,889 | INFO    | hw02.routing           |   3000/4700 bloques
2026-09-07 14:07:53,687 | INFO    | hw02.routing           |   3010/4700 bloques
2026-09-07 14:07:55,437 | INFO    | hw02.routing           |   3020/4700 bloques
2026-09-07 14:07:57,184 | INFO    | hw02.routing           |   3030/4700 bloques
2026-09-07 14:07:59,016 | INFO    | hw02.routing           |   3040/4700 bloques
2026-09-07 14:08:00,825 | INFO    | hw02.routing           |   3050/4700 bloques
2026-09-07 14:08:02,609 | INFO    | hw02.routing           |   3060/4700 bloques
2026-09-07 14:08:04,359 | INFO    | hw02.routing           |   3070/4700 bloques
2026-09-07 14:08:06,230 | INFO    | hw02.routing           |   3080/4700 bloques
2026-09-07 14:08:08,061 | INFO    | hw02.routing           |   3090/4700 bloques
2026-09-07 14:08:09,921 | INFO    | hw02.routing           |   3100/4700 bloques
2026-09-07 14:08:11,686 | INFO    | hw02.routing           |   3110/4700 bloques
2026-09-07 14:08:13,475 | INFO    | hw02.routing           |   3120/4700 bloques
2026-09-07 14:08:15,306 | INFO    | hw02.routing           |   3130/4700 bloques
2026-09-07 14:08:17,130 | INFO    | hw02.routing           |   3140/4700 bloques
2026-09-07 14:08:18,941 | INFO    | hw02.routing           |   3150/4700 bloques
2026-09-07 14:08:20,714 | INFO    | hw02.routing           |   3160/4700 bloques
2026-09-07 14:08:22,451 | INFO    | hw02.routing           |   3170/4700 bloques
2026-09-07 14:08:24,268 | INFO    | hw02.routing           |   3180/4700 bloques
2026-09-07 14:08:26,084 | INFO    | hw02.routing           |   3190/4700 bloques
2026-09-07 14:08:27,850 | INFO    | hw02.routing           |   3200/4700 bloques
2026-09-07 14:08:29,578 | INFO    | hw02.routing           |   3210/4700 bloques
2026-09-07 14:08:31,361 | INFO    | hw02.routing           |   3220/4700 bloques
2026-09-07 14:08:33,172 | INFO    | hw02.routing           |   3230/4700 bloques
2026-09-07 14:08:35,015 | INFO    | hw02.routing           |   3240/4700 bloques
2026-09-07 14:08:36,715 | INFO    | hw02.routing           |   3250/4700 bloques
2026-09-07 14:08:38,394 | INFO    | hw02.routing           |   3260/4700 bloques
2026-09-07 14:08:40,144 | INFO    | hw02.routing           |   3270/4700 bloques
2026-09-07 14:08:41,863 | INFO    | hw02.routing           |   3280/4700 bloques
2026-09-07 14:08:43,565 | INFO    | hw02.routing           |   3290/4700 bloques
2026-09-07 14:08:45,418 | INFO    | hw02.routing           |   3300/4700 bloques
2026-09-07 14:08:47,200 | INFO    | hw02.routing           |   3310/4700 bloques
2026-09-07 14:08:49,061 | INFO    | hw02.routing           |   3320/4700 bloques
2026-09-07 14:08:50,949 | INFO    | hw02.routing           |   3330/4700 bloques
2026-09-07 14:08:52,749 | INFO    | hw02.routing           |   3340/4700 bloques
2026-09-07 14:08:54,507 | INFO    | hw02.routing           |   3350/4700 bloques
2026-09-07 14:08:56,278 | INFO    | hw02.routing           |   3360/4700 bloques
2026-09-07 14:08:58,171 | INFO    | hw02.routing           |   3370/4700 bloques
2026-09-07 14:09:00,050 | INFO    | hw02.routing           |   3380/4700 bloques
2026-09-07 14:09:01,970 | INFO    | hw02.routing           |   3390/4700 bloques
2026-09-07 14:09:03,794 | INFO    | hw02.routing           |   3400/4700 bloques
2026-09-07 14:09:05,687 | INFO    | hw02.routing           |   3410/4700 bloques
2026-09-07 14:09:07,592 | INFO    | hw02.routing           |   3420/4700 bloques
2026-09-07 14:09:09,527 | INFO    | hw02.routing           |   3430/4700 bloques
2026-09-07 14:09:11,267 | INFO    | hw02.routing           |   3440/4700 bloques
2026-09-07 14:09:12,988 | INFO    | hw02.routing           |   3450/4700 bloques
2026-09-07 14:09:14,784 | INFO    | hw02.routing           |   3460/4700 bloques
2026-09-07 14:09:16,584 | INFO    | hw02.routing           |   3470/4700 bloques
2026-09-07 14:09:18,332 | INFO    | hw02.routing           |   3480/4700 bloques
2026-09-07 14:09:20,071 | INFO    | hw02.routing           |   3490/4700 bloques
2026-09-07 14:09:21,795 | INFO    | hw02.routing           |   3500/4700 bloques
2026-09-07 14:09:23,613 | INFO    | hw02.routing           |   3510/4700 bloques
2026-09-07 14:09:25,426 | INFO    | hw02.routing           |   3520/4700 bloques
2026-09-07 14:09:27,125 | INFO    | hw02.routing           |   3530/4700 bloques
2026-09-07 14:09:28,765 | INFO    | hw02.routing           |   3540/4700 bloques
2026-09-07 14:09:30,499 | INFO    | hw02.routing           |   3550/4700 bloques
2026-09-07 14:09:32,217 | INFO    | hw02.routing           |   3560/4700 bloques
2026-09-07 14:09:33,965 | INFO    | hw02.routing           |   3570/4700 bloques
2026-09-07 14:09:35,312 | INFO    | hw02.routing           |   3580/4700 bloques
2026-09-07 14:09:36,643 | INFO    | hw02.routing           |   3590/4700 bloques
2026-09-07 14:09:38,004 | INFO    | hw02.routing           |   3600/4700 bloques
2026-09-07 14:09:39,361 | INFO    | hw02.routing           |   3610/4700 bloques
2026-09-07 14:09:40,670 | INFO    | hw02.routing           |   3620/4700 bloques
2026-09-07 14:09:41,987 | INFO    | hw02.routing           |   3630/4700 bloques
2026-09-07 14:09:43,316 | INFO    | hw02.routing           |   3640/4700 bloques
2026-09-07 14:09:44,733 | INFO    | hw02.routing           |   3650/4700 bloques
2026-09-07 14:09:46,109 | INFO    | hw02.routing           |   3660/4700 bloques
2026-09-07 14:09:47,428 | INFO    | hw02.routing           |   3670/4700 bloques
2026-09-07 14:09:48,774 | INFO    | hw02.routing           |   3680/4700 bloques
2026-09-07 14:09:50,177 | INFO    | hw02.routing           |   3690/4700 bloques
2026-09-07 14:09:51,603 | INFO    | hw02.routing           |   3700/4700 bloques
2026-09-07 14:09:53,042 | INFO    | hw02.routing           |   3710/4700 bloques
2026-09-07 14:09:54,368 | INFO    | hw02.routing           |   3720/4700 bloques
2026-09-07 14:09:55,732 | INFO    | hw02.routing           |   3730/4700 bloques
2026-09-07 14:09:57,138 | INFO    | hw02.routing           |   3740/4700 bloques
2026-09-07 14:09:58,519 | INFO    | hw02.routing           |   3750/4700 bloques
2026-09-07 14:09:59,884 | INFO    | hw02.routing           |   3760/4700 bloques
2026-09-07 14:10:01,604 | INFO    | hw02.routing           |   3770/4700 bloques
2026-09-07 14:10:03,292 | INFO    | hw02.routing           |   3780/4700 bloques
2026-09-07 14:10:05,032 | INFO    | hw02.routing           |   3790/4700 bloques
2026-09-07 14:10:06,767 | INFO    | hw02.routing           |   3800/4700 bloques
2026-09-07 14:10:08,486 | INFO    | hw02.routing           |   3810/4700 bloques
2026-09-07 14:10:10,252 | INFO    | hw02.routing           |   3820/4700 bloques
2026-09-07 14:10:11,997 | INFO    | hw02.routing           |   3830/4700 bloques
2026-09-07 14:10:13,815 | INFO    | hw02.routing           |   3840/4700 bloques
2026-09-07 14:10:15,617 | INFO    | hw02.routing           |   3850/4700 bloques
2026-09-07 14:10:17,354 | INFO    | hw02.routing           |   3860/4700 bloques
2026-09-07 14:10:19,037 | INFO    | hw02.routing           |   3870/4700 bloques
2026-09-07 14:10:20,834 | INFO    | hw02.routing           |   3880/4700 bloques
2026-09-07 14:10:22,649 | INFO    | hw02.routing           |   3890/4700 bloques
2026-09-07 14:10:24,483 | INFO    | hw02.routing           |   3900/4700 bloques
2026-09-07 14:10:26,238 | INFO    | hw02.routing           |   3910/4700 bloques
2026-09-07 14:10:27,989 | INFO    | hw02.routing           |   3920/4700 bloques
2026-09-07 14:10:29,821 | INFO    | hw02.routing           |   3930/4700 bloques
2026-09-07 14:10:31,657 | INFO    | hw02.routing           |   3940/4700 bloques
2026-09-07 14:10:33,372 | INFO    | hw02.routing           |   3950/4700 bloques
2026-09-07 14:10:34,907 | INFO    | hw02.routing           |   3960/4700 bloques
2026-09-07 14:10:36,447 | INFO    | hw02.routing           |   3970/4700 bloques
2026-09-07 14:10:38,070 | INFO    | hw02.routing           |   3980/4700 bloques
2026-09-07 14:10:39,677 | INFO    | hw02.routing           |   3990/4700 bloques
2026-09-07 14:10:41,249 | INFO    | hw02.routing           |   4000/4700 bloques
2026-09-07 14:10:42,823 | INFO    | hw02.routing           |   4010/4700 bloques
2026-09-07 14:10:44,441 | INFO    | hw02.routing           |   4020/4700 bloques
2026-09-07 14:10:46,078 | INFO    | hw02.routing           |   4030/4700 bloques
2026-09-07 14:10:47,737 | INFO    | hw02.routing           |   4040/4700 bloques
2026-09-07 14:10:49,376 | INFO    | hw02.routing           |   4050/4700 bloques
2026-09-07 14:10:51,075 | INFO    | hw02.routing           |   4060/4700 bloques
2026-09-07 14:10:52,817 | INFO    | hw02.routing           |   4070/4700 bloques
2026-09-07 14:10:54,574 | INFO    | hw02.routing           |   4080/4700 bloques
2026-09-07 14:10:56,294 | INFO    | hw02.routing           |   4090/4700 bloques
2026-09-07 14:10:58,061 | INFO    | hw02.routing           |   4100/4700 bloques
2026-09-07 14:10:59,797 | INFO    | hw02.routing           |   4110/4700 bloques
2026-09-07 14:11:01,617 | INFO    | hw02.routing           |   4120/4700 bloques
2026-09-07 14:11:03,476 | INFO    | hw02.routing           |   4130/4700 bloques
2026-09-07 14:11:05,138 | INFO    | hw02.routing           |   4140/4700 bloques
2026-09-07 14:11:06,605 | INFO    | hw02.routing           |   4150/4700 bloques
2026-09-07 14:11:08,138 | INFO    | hw02.routing           |   4160/4700 bloques
2026-09-07 14:11:09,687 | INFO    | hw02.routing           |   4170/4700 bloques
2026-09-07 14:11:11,256 | INFO    | hw02.routing           |   4180/4700 bloques
2026-09-07 14:11:12,585 | INFO    | hw02.routing           |   4190/4700 bloques
2026-09-07 14:11:13,895 | INFO    | hw02.routing           |   4200/4700 bloques
2026-09-07 14:11:15,246 | INFO    | hw02.routing           |   4210/4700 bloques
2026-09-07 14:11:16,597 | INFO    | hw02.routing           |   4220/4700 bloques
2026-09-07 14:11:17,917 | INFO    | hw02.routing           |   4230/4700 bloques
2026-09-07 14:11:19,240 | INFO    | hw02.routing           |   4240/4700 bloques
2026-09-07 14:11:20,550 | INFO    | hw02.routing           |   4250/4700 bloques
2026-09-07 14:11:21,922 | INFO    | hw02.routing           |   4260/4700 bloques
2026-09-07 14:11:23,287 | INFO    | hw02.routing           |   4270/4700 bloques
2026-09-07 14:11:24,624 | INFO    | hw02.routing           |   4280/4700 bloques
2026-09-07 14:11:26,030 | INFO    | hw02.routing           |   4290/4700 bloques
2026-09-07 14:11:27,465 | INFO    | hw02.routing           |   4300/4700 bloques
2026-09-07 14:11:28,941 | INFO    | hw02.routing           |   4310/4700 bloques
2026-09-07 14:11:30,409 | INFO    | hw02.routing           |   4320/4700 bloques
2026-09-07 14:11:32,042 | INFO    | hw02.routing           |   4330/4700 bloques
2026-09-07 14:11:33,754 | INFO    | hw02.routing           |   4340/4700 bloques
2026-09-07 14:11:35,559 | INFO    | hw02.routing           |   4350/4700 bloques
2026-09-07 14:11:37,384 | INFO    | hw02.routing           |   4360/4700 bloques
2026-09-07 14:11:39,238 | INFO    | hw02.routing           |   4370/4700 bloques
2026-09-07 14:11:40,936 | INFO    | hw02.routing           |   4380/4700 bloques
2026-09-07 14:11:42,641 | INFO    | hw02.routing           |   4390/4700 bloques
2026-09-07 14:11:44,417 | INFO    | hw02.routing           |   4400/4700 bloques
2026-09-07 14:11:46,218 | INFO    | hw02.routing           |   4410/4700 bloques
2026-09-07 14:11:47,975 | INFO    | hw02.routing           |   4420/4700 bloques
2026-09-07 14:11:49,733 | INFO    | hw02.routing           |   4430/4700 bloques
2026-09-07 14:11:51,455 | INFO    | hw02.routing           |   4440/4700 bloques
2026-09-07 14:11:53,267 | INFO    | hw02.routing           |   4450/4700 bloques
2026-09-07 14:11:55,064 | INFO    | hw02.routing           |   4460/4700 bloques
2026-09-07 14:11:56,738 | INFO    | hw02.routing           |   4470/4700 bloques
2026-09-07 14:11:58,291 | INFO    | hw02.routing           |   4480/4700 bloques
2026-09-07 14:11:59,918 | INFO    | hw02.routing           |   4490/4700 bloques
2026-09-07 14:12:01,546 | INFO    | hw02.routing           |   4500/4700 bloques
2026-09-07 14:12:03,196 | INFO    | hw02.routing           |   4510/4700 bloques
2026-09-07 14:12:04,498 | INFO    | hw02.routing           |   4520/4700 bloques
2026-09-07 14:12:05,810 | INFO    | hw02.routing           |   4530/4700 bloques
2026-09-07 14:12:07,163 | INFO    | hw02.routing           |   4540/4700 bloques
2026-09-07 14:12:08,506 | INFO    | hw02.routing           |   4550/4700 bloques
2026-09-07 14:12:09,801 | INFO    | hw02.routing           |   4560/4700 bloques
2026-09-07 14:12:11,086 | INFO    | hw02.routing           |   4570/4700 bloques
2026-09-07 14:12:12,388 | INFO    | hw02.routing           |   4580/4700 bloques
2026-09-07 14:12:13,742 | INFO    | hw02.routing           |   4590/4700 bloques
2026-09-07 14:12:15,102 | INFO    | hw02.routing           |   4600/4700 bloques
2026-09-07 14:12:16,529 | INFO    | hw02.routing           |   4610/4700 bloques
2026-09-07 14:12:18,111 | INFO    | hw02.routing           |   4620/4700 bloques
2026-09-07 14:12:19,763 | INFO    | hw02.routing           |   4630/4700 bloques
2026-09-07 14:12:21,440 | INFO    | hw02.routing           |   4640/4700 bloques
2026-09-07 14:12:23,120 | INFO    | hw02.routing           |   4650/4700 bloques
2026-09-07 14:12:24,767 | INFO    | hw02.routing           |   4660/4700 bloques
2026-09-07 14:12:26,456 | INFO    | hw02.routing           |   4670/4700 bloques
2026-09-07 14:12:28,222 | INFO    | hw02.routing           |   4680/4700 bloques
2026-09-07 14:12:29,960 | INFO    | hw02.routing           |   4690/4700 bloques
2026-09-07 14:12:31,667 | INFO    | hw02.routing           |   4700/4700 bloques
2026-09-07 14:12:40,195 | INFO    | hw02.routing           | matriz osrm/car calculada en 783.3 s y guardada en table_osrm_car_19c27a5e0095cbb5.npz
2026-09-07 14:12:41,429 | INFO    | hw02.routing           | escrito snapping_national.csv (0.0 MB)
2026-09-07 14:12:41,663 | INFO    | hw02.routing           | escrito od_car_matrix_national.parquet (16.4 MB)
2026-09-07 14:12:41,896 | INFO    | hw02.routing           | escrito od_dist_car_matrix_national.parquet (16.8 MB)
2026-09-07 14:12:41,966 | INFO    | hw02.routing           | escrito od_imputed_car_matrix_national.parquet (0.3 MB)
2026-09-07 14:12:41,976 | INFO    | hw02.routing           | escrito od_candidates_national_car.parquet (0.3 MB)
2026-09-07 14:12:41,977 | INFO    | hw02.routing           | escrito straight_vs_network_national.csv (0.0 MB)
2026-09-07 14:15:15,635 | INFO    | hw02.routing           | motor de ruteo: osrm
2026-09-07 14:15:15,819 | INFO    | hw02.routing           | perfil foot: 1200 orígenes × 623 destinos (unión de los 15 más cercanos en auto)
2026-09-07 14:15:15,822 | INFO    | hw02.routing           | OSRM foot: 1200×623 en 168 peticiones (bloques 50×100)
2026-09-07 14:15:18,362 | INFO    | hw02.routing           |   10/168 bloques
2026-09-07 14:15:20,598 | INFO    | hw02.routing           |   20/168 bloques
2026-09-07 14:15:22,498 | INFO    | hw02.routing           |   30/168 bloques
2026-09-07 14:15:24,589 | INFO    | hw02.routing           |   40/168 bloques
2026-09-07 14:15:26,522 | INFO    | hw02.routing           |   50/168 bloques
2026-09-07 14:15:28,678 | INFO    | hw02.routing           |   60/168 bloques
2026-09-07 14:15:30,622 | INFO    | hw02.routing           |   70/168 bloques
2026-09-07 14:15:32,761 | INFO    | hw02.routing           |   80/168 bloques
2026-09-07 14:15:34,903 | INFO    | hw02.routing           |   90/168 bloques
2026-09-07 14:15:36,824 | INFO    | hw02.routing           |   100/168 bloques
2026-09-07 14:15:38,885 | INFO    | hw02.routing           |   110/168 bloques
2026-09-07 14:15:40,919 | INFO    | hw02.routing           |   120/168 bloques
2026-09-07 14:15:43,037 | INFO    | hw02.routing           |   130/168 bloques
2026-09-07 14:15:44,981 | INFO    | hw02.routing           |   140/168 bloques
2026-09-07 14:15:47,092 | INFO    | hw02.routing           |   150/168 bloques
2026-09-07 14:15:49,161 | INFO    | hw02.routing           |   160/168 bloques
2026-09-07 14:15:50,640 | INFO    | hw02.routing           |   168/168 bloques
2026-09-07 14:15:50,814 | INFO    | hw02.routing           | matriz osrm/foot calculada en 35.0 s y guardada en table_osrm_foot_55eee513c1721b45.npz
2026-09-07 14:15:50,954 | INFO    | hw02.routing           | escrito od_foot_matrix_national.parquet (4.0 MB)
2026-09-07 14:15:50,956 | INFO    | hw02.routing           | escrito snapping_foot_national.csv (0.0 MB)
2026-09-07 14:19:00,825 | INFO    | hw02.routing           | motor de ruteo: osrm
2026-09-07 14:19:01,009 | INFO    | hw02.routing           | perfil bike: 1200 orígenes × 623 destinos (unión de los 15 más cercanos en auto)
2026-09-07 14:19:01,013 | INFO    | hw02.routing           | OSRM bike: 1200×623 en 168 peticiones (bloques 50×100)
2026-09-07 14:19:04,152 | INFO    | hw02.routing           |   10/168 bloques
2026-09-07 14:19:06,872 | INFO    | hw02.routing           |   20/168 bloques
2026-09-07 14:19:09,151 | INFO    | hw02.routing           |   30/168 bloques
2026-09-07 14:19:11,682 | INFO    | hw02.routing           |   40/168 bloques
2026-09-07 14:19:14,071 | INFO    | hw02.routing           |   50/168 bloques
2026-09-07 14:19:16,743 | INFO    | hw02.routing           |   60/168 bloques
2026-09-07 14:19:19,079 | INFO    | hw02.routing           |   70/168 bloques
2026-09-07 14:19:21,574 | INFO    | hw02.routing           |   80/168 bloques
2026-09-07 14:19:24,128 | INFO    | hw02.routing           |   90/168 bloques
2026-09-07 14:19:26,479 | INFO    | hw02.routing           |   100/168 bloques
2026-09-07 14:19:28,975 | INFO    | hw02.routing           |   110/168 bloques
2026-09-07 14:19:31,320 | INFO    | hw02.routing           |   120/168 bloques
2026-09-07 14:19:33,872 | INFO    | hw02.routing           |   130/168 bloques
2026-09-07 14:19:36,182 | INFO    | hw02.routing           |   140/168 bloques
2026-09-07 14:19:38,663 | INFO    | hw02.routing           |   150/168 bloques
2026-09-07 14:19:41,099 | INFO    | hw02.routing           |   160/168 bloques
2026-09-07 14:19:42,849 | INFO    | hw02.routing           |   168/168 bloques
2026-09-07 14:19:43,023 | INFO    | hw02.routing           | matriz osrm/bike calculada en 42.0 s y guardada en table_osrm_bike_fdf11ba338d0699b.npz
2026-09-07 14:19:43,163 | INFO    | hw02.routing           | escrito od_bike_matrix_national.parquet (4.0 MB)
2026-09-07 14:19:43,165 | INFO    | hw02.routing           | escrito snapping_bike_national.csv (0.0 MB)
2026-09-07 14:19:44,261 | INFO    | hw02.routing           | cargada matriz car: (5000, 644)
2026-09-07 14:19:44,295 | INFO    | hw02.routing           | cargada matriz foot: (1200, 623)
2026-09-07 14:19:44,323 | INFO    | hw02.routing           | cargada matriz bike: (1200, 623)
2026-09-07 14:19:44,364 | INFO    | hw02.routing           | escrito cross_mode_national.csv (0.0 MB)
